// Jest Snapshot v1, https://goo.gl/fbAQLP

exports[`should render search results correctly 1`] = `
<Context.Consumer>
  [Function]
</Context.Consumer>
`;
